Traceback (most recent call last):
  File "<frozen runpy>", line 198, in _run_module_as_main
  File "<frozen runpy>", line 88, in _run_code
  File "/root/autodl-tmp/aamas2027_v03/snapshots/advanced_v04_003/cipheur/advanced_study_v04.py", line 594, in <module>
    main()
  File "/root/autodl-tmp/aamas2027_v03/snapshots/advanced_v04_003/cipheur/advanced_study_v04.py", line 590, in main
    run(args.data, args.frozen, args.config, args.output, args.workers)
  File "/root/autodl-tmp/aamas2027_v03/snapshots/advanced_v04_003/cipheur/advanced_study_v04.py", line 527, in run
    added, additional_receipts, additional_payloads = additional_programmes(config, Path(config_path).parent, frozen["programs"])
                                                      ^^^^^^^^^^^^^^^^^^^^^^^^^^^^^^^^^^^^^^^^^^^^^^^^^^^^^^^^^^^^^^^^^^^^^^^^^^^
  File "/root/autodl-tmp/aamas2027_v03/snapshots/advanced_v04_003/cipheur/advanced_study_v04.py", line 448, in additional_programmes
    payload = path.read_bytes()
              ^^^^^^^^^^^^^^^^^
  File "/root/autodl-tmp/aamas2027_v03/py311/lib/python3.11/pathlib.py", line 1050, in read_bytes
    with self.open(mode='rb') as f:
         ^^^^^^^^^^^^^^^^^^^^
  File "/root/autodl-tmp/aamas2027_v03/py311/lib/python3.11/pathlib.py", line 1044, in open
    return io.open(self, mode, buffering, encoding, errors, newline)
           ^^^^^^^^^^^^^^^^^^^^^^^^^^^^^^^^^^^^^^^^^^^^^^^^^^^^^^^^^
FileNotFoundError: [Errno 2] No such file or directory: '/root/autodl-tmp/experiments/discovery/v03/frozen_joint_001.json'
